{
  "version": "1.5.0",
  "results": {},
  "generated_at": "2026-08-14T16:45:00Z",
  "filters_used": [],
  "plugins_used": [
    {
      "name": "BasicAuthDetector"
    },
    {
      "name": "KeywordDetector"
    },
    {
      "name": "Base64HighEntropyString",
      "limit": 4.5
    },
    {
      "name": "HexHighEntropyString",
      "limit": 3.0
    },
    {
      "name": "PrivateKeyDetector"
    }
  ]
}
